[0m14:00:54.255729 [debug] [MainThread]: Sending event: {'category': 'dbt', 'action': 'invocation', 'label': 'start', 'context': [<snowplow_tracker.self_describing_json.SelfDescribingJson object at 0x000002AD53AAF470>, <snowplow_tracker.self_describing_json.SelfDescribingJson object at 0x000002AD534A5070>, <snowplow_tracker.self_describing_json.SelfDescribingJson object at 0x000002AD532ED100>]}


============================== 14:00:54.259617 | c1665bd8-edc7-4e61-bb45-76c9b72addd5 ==============================
[0m14:00:54.259617 [info ] [MainThread]: Running with dbt=1.11.8
[0m14:00:54.260499 [debug] [MainThread]: running dbt with arguments {'static_parser': 'True', 'no_print': 'None', 'version_check': 'True', 'target_path': 'None', 'warn_error_options': 'WarnErrorOptionsV2(error=[], warn=[], silence=[])', 'printer_width': '80', 'write_json': 'True', 'introspect': 'True', 'log_cache_events': 'False', 'empty': 'None', 'cache_selected_only': 'False', 'log_format': 'default', 'debug': 'False', 'fail_fast': 'False', 'partial_parse': 'True', 'send_anonymous_usage_stats': 'True', 'quiet': 'False', 'warn_error': 'None', 'profiles_dir': 'C:\\Users\\user\\.dbt', 'indirect_selection': 'eager', 'invocation_command': 'dbt init lck_bp', 'use_colors': 'True', 'use_experimental_parser': 'False', 'log_path': 'logs'}
[0m14:00:54.276066 [debug] [MainThread]: Starter project path: C:\Users\user\lck-bp-project\venv\Lib\site-packages\dbt\include\starter_project
[0m14:00:54.293735 [info ] [MainThread]: 
Your new dbt project "lck_bp" was created!

For more information on how to configure the profiles.yml file,
please consult the dbt documentation here:

  https://docs.getdbt.com/docs/configure-your-profile

One more thing:

Need help? Don't hesitate to reach out to us via GitHub issues or on Slack:

  https://community.getdbt.com/

Happy modeling!

[0m14:00:54.293735 [info ] [MainThread]: Setting up your profile.
[0m14:02:55.378185 [info ] [MainThread]: Profile lck_bp written to C:\Users\user\.dbt\profiles.yml using target's profile_template.yml and your supplied values. Run 'dbt debug' to validate the connection.
[0m14:02:55.379185 [debug] [MainThread]: Command `dbt init` succeeded at 14:02:55.379185 after 121.22 seconds
[0m14:02:55.379185 [debug] [MainThread]: Sending event: {'category': 'dbt', 'action': 'invocation', 'label': 'end', 'context': [<snowplow_tracker.self_describing_json.SelfDescribingJson object at 0x000002AD53A22420>, <snowplow_tracker.self_describing_json.SelfDescribingJson object at 0x000002AD53956F60>, <snowplow_tracker.self_describing_json.SelfDescribingJson object at 0x000002AD531DD220>]}
[0m14:02:55.380186 [debug] [MainThread]: Flushing usage events
[0m14:02:56.372019 [debug] [MainThread]: An error was encountered while trying to flush usage events
